// Jest Snapshot v1, https://goo.gl/fbAQLP

exports[`Credit renders correctly 1`] = `ShallowWrapper {}`;
